// Jest Snapshot v1, https://goo.gl/fbAQLP

exports[`should render the FormField correctly 1`] = `
<DocumentFragment>
  <form
    action="#"
  >
    <input
      class="sc-AxjAm jMUqqh"
      placeholder="test"
      theme="[object Object]"
      value="[object Object]"
    />
  </form>
</DocumentFragment>
`;
